ets Jun  8 2016 00:22:57

rst:0x1 (POWERON_RESET),boot:0x13 (SPI_FAST_FLASH_BOOT)
configsip: 0, SPIWP:0xee
clk_drv:0x00,q_drv:0x00,d_drv:0x00,cs0_drv:0x00,hd_drv:0x00,wp_drv:0x00
mode:DIO, clock div:1
load:0x3fff0018,len:4
load:0x3fff001c,len:5532
load:0x40078000,len:0
load:0x40078000,len:13712
entry 0x40079028
[0;32mI (28) boot: ESP-IDF v3.1-dev-64-g661686b 2nd stage bootloader[0m
[0;32mI (28) boot: compile time 18:16:49[0m
[0;32mI (39) boot: Enabling RNG early entropy source...[0m
[0;32mI (39) boot: SPI Speed      : 80MHz[0m
[0;32mI (39) boot: SPI Mode       : DIO[0m
[0;32mI (42) boot: SPI Flash Size : 4MB[0m
[0;32mI (46) boot: Partition Table:[0m
[0;32mI (50) boot: ## Label            Usage          Type ST Offset   Length[0m
[0;32mI (57) boot:  0 nvs              WiFi data        01 02 00009000 00006000[0m
[0;32mI (64) boot:  1 phy_init         RF data          01 01 0000f000 00001000[0m
[0;32mI (72) boot:  2 factory          factory app      00 00 00010000 000f0000[0m
[0;32mI (79) boot:  3 storage          Unknown data     01 82 00100000 000f0000[0m
[0;32mI (87) boot: End of partition table[0m
[0;32mI (91) esp_image: segment 0: paddr=0x00010020 vaddr=0x3f400020 size=0x14acc ( 84684) map[0m
[0;32mI (124) esp_image: segment 1: paddr=0x00024af4 vaddr=0x3ffb0000 size=0x06074 ( 24692) load[0m
[0;32mI (133) esp_image: segment 2: paddr=0x0002ab70 vaddr=0x40080000 size=0x00400 (  1024) load[0m
[0;32mI (133) esp_image: segment 3: paddr=0x0002af78 vaddr=0x40080400 size=0x05098 ( 20632) load[0m
[0;32mI (147) esp_image: segment 4: paddr=0x00030018 vaddr=0x400d0018 size=0x5a010 (368656) map[0m
[0;32mI (255) esp_image: segment 5: paddr=0x0008a030 vaddr=0x40085498 size=0x0cbcc ( 52172) load[0m
[0;32mI (274) esp_image: segment 6: paddr=0x00096c04 vaddr=0x400c0000 size=0x00000 (     0) load[0m
[0;32mI (285) boot: Loaded app from partition at offset 0x10000[0m
[0;32mI (285) boot: Disabling RNG early entropy source...[0m
[0;32mI (286) cpu_start: Pro cpu up.[0m
[0;32mI (289) cpu_start: Starting app cpu, entry point is 0x40080fd8[0m
[0;32mI (0) cpu_start: App cpu up.[0m
[0;32mI (300) heap_init: Initializing. RAM available for dynamic allocation:[0m
[0;32mI (307) heap_init: At 3FFAE6E0 len 00001920 (6 KiB): DRAM[0m
[0;32mI (313) heap_init: At 3FFBBE28 len 000241D8 (144 KiB): DRAM[0m
[0;32mI (319) heap_init: At 3FFE0440 len 00003BC0 (14 KiB): D/IRAM[0m
[0;32mI (325) heap_init: At 3FFE4350 len 0001BCB0 (111 KiB): D/IRAM[0m
[0;32mI (332) heap_init: At 40092064 len 0000DF9C (55 KiB): IRAM[0m
[0;32mI (338) cpu_start: Pro cpu start user code[0m
[0;32mI (131) cpu_start: Starting scheduler on PRO CPU.[0m
[0;32mI (0) cpu_start: Starting scheduler on APP CPU.[0m

==============================
Pins used: miso=19, mosi=23, sck=18, cs=5
==============================

SPI: display device added to spi bus (2)
SPI: attached display device, speed=8000000
SPI: bus uses native pins: true
SPI: display init...
OK
SPI: Max rd speed = 1000000
SPI: Changed speed to 40000000

---------------------
Graphics demo started
---------------------
I (2588) wifi: wifi firmware version: f204566
I (2588) wifi: config NVS flash: enabled
I (2588) wifi: config nano formating: disabled
[0;32mI (2589) system_api: Base MAC address is not set, read default base MAC address from BLK0 of EFUSE[0m
[0;32mI (2599) system_api: Base MAC address is not set, read default base MAC address from BLK0 of EFUSE[0m
I (2633) wifi: Init dynamic tx buffer num: 32
I (2633) wifi: Init data frame dynamic rx buffer num: 32
I (2633) wifi: Init management frame dynamic rx buffer num: 32
I (2636) wifi: wifi driver task: 3ffc4164, prio:23, stack:4096
I (2642) wifi: Init static rx buffer num: 10
I (2646) wifi: Init dynamic rx buffer num: 32
I (2650) wifi: wifi power manager task: 0x3ffc8da4 prio: 21 stack: 2560
[0;32mI (2656) [BiJin ToKei]: Setting WiFi configuration SSID TP-LINK_888...[0m
[0;32mI (2694) phy: phy_version: 366.0, ba9923d, Oct 31 2017, 18:06:17, 0, 0[0m
I (2695) wifi: mode : sta (30:ae:a4:4c:b3:cc)
